// Jest Snapshot v1, https://goo.gl/fbAQLP

exports[`not without spaces 1`] = `
"Program [
	JASSFunction {
		name: String \\"f\\"
		returns: String \\"boolean\\"
		statements: Statements [
			Return UnaryOp {
				operator: String \\"not\\"
				expr: Parens BinaryOp {
					left: Name \\"a\\"
					operator: String \\"==\\"
					right: Name \\"b\\"
				}
			}
		]
	}
]"
`;
